🌳 新闻知识树已启动: http://localhost:3000
   12 个厂家枝叶 / 4 个分类枝干
[feed:36氪] Invalid character in entity name
Line: 8
Column: 543
Char: &
[feed:Google News 中文] Request timed out after 15000ms
[feed:36氪] Invalid character in entity name
Line: 8
Column: 543
Char: &
[feed:Google News 中文] Request timed out after 15000ms
[feed:36氪] Invalid character in entity name
Line: 8
Column: 543
Char: &
[feed:36氪] Invalid character in entity name
Line: 8
Column: 543
Char: &
[feed:Google News 中文] Request timed out after 15000ms
🌳 新闻知识树已启动: http://localhost:3000
   12 个厂家枝叶 / 4 个分类枝干
[feed:36氪] Invalid character in entity name
Line: 8
Column: 543
Char: &
[feed:Google News 中文] Request timed out after 15000ms
